---
source: crates/scryrs-cli/src/lib.rs
expression: "String::from_utf8_lossy(&out)"
---
scryrs — context intelligence for AI-assisted codebases

Discover, analyze, and navigate hotspots in your codebase.

COMMANDS
scryrs hotspots <PATH>
Emit a versioned JSON placeholder for repository hotspots.
scryrs record --stdin
Ingest JSONL trace events from stdin.
scryrs record --file <PATH>
Ingest JSONL trace events from a file.

RECORD OUTPUT
A single-line JSON summary on stdout:
{
"command": "record",
"schemaVersion": "0.1.0",
"accepted": <count>,
"rejected": <count>
}
Rejection diagnostics are written as JSON objects to stderr,
one per rejected non-empty line.

HOTSPOTS OUTPUT
A single-line JSON placeholder on stdout:
{
"schemaVersion": "0.1.0",
"command": "hotspots",
"status": "placeholder"
}

EXAMPLES
scryrs hotspots /path/to/repo
scryrs hotspots .
scryrs record --stdin < events.jsonl
scryrs record --file session.jsonl

OPTIONS
-h, --help       Print this help message and exit
-V, --version    Print version and exit
-hj, --help-json Print machine-readable CLI surface description and exit

EXIT CODES
0    Success (all events accepted for record; output written for all commands)
1    Record: one or more events rejected; I/O error (output could not be written)
2    Usage error (invalid arguments) or fatal I/O error (unreadable file)
