---
source: crates/scryrs-cli/src/dispatch_tests.rs
expression: "String::from_utf8_lossy(&out)"
---
scryrs — context intelligence for AI-assisted codebases

Discover, analyze, and navigate hotspots in your codebase.

COMMANDS
scryrs hotspots <PATH>
Emit a versioned JSON hotspot report from recorded trace events.
scryrs record --stdin
Ingest JSONL trace events from stdin.
scryrs record --file <PATH>
Ingest JSONL trace events from a file.
scryrs hook <HARNESS> [--stdin | --file <PATH>]
Translate a harness's native tool event and record it (fail-open).
Supported harnesses: claude-code (stdin), pi (--file).
scryrs init --agent <NAME> [--mode local|live] [--ingest-url <URL>]
[--workspace-id <ID>] [--agent-id <ID>] [--repository-id <ID>]
Install the scryrs trace hook for a supported agent harness.
Supported harnesses: claude-code, pi
--mode local (default): local SQLite trace store (.scryrs/scryrs.db).
--mode live: remote ingest via scryrs server (writes project scryrs.json).
Live mode requires --ingest-url, --workspace-id, and --agent-id.
--repository-id is derived from Git remote origin when omitted.
scryrs graph <PATH>
Build a repository knowledge graph from hotspot evidence and docs structure.
Emits a single-line KnowledgeGraphDocument JSON to stdout and .scryrs/graph.json.
scryrs route <PATH>
Generate the route manifest from a knowledge graph artifact.
Emits a single-line RouteManifestDocument JSON to stdout and .scryrs/routes.json.
scryrs route explain <PATH> --query <TEXT>
Query the route manifest for matching entries.
Case-insensitive substring match against label, subject, id, target, kind,
and evidence_links[].subject. Match tier (exact > prefix > substring) orders
results. Returns single-line RouteHintDocument JSON. Zero matches produces
valid document with empty hints array.
Example: scryrs route explain . --query "authentication"

Route hint contract: Each route entry projects to a RouteHintItem
(HINT_SCHEMA_VERSION 1.0.0) with routeId, target, label, 1-based
ordinal rank, evidence citations, and a template-derived reason.
The reason field appends "; query match on <fields>" for explain results.
Rank is a deterministic ordinal derived from manifest entry order;
relevance is deferred (None).
scryrs propose <PATH>
Generate reviewable knowledge proposals from hotspot and graph evidence.
Writes validated ProposalDocument files under .scryrs/proposals/.
Timestamps derive from the hotspot artifact's generatedAt for determinism.
Note: singular `propose` generates proposals; plural `proposals` reviews them.
scryrs proposals list <PATH> [--state pending|accepted|rejected|all]
List pending and reviewed proposal states from .scryrs/proposals/,
.scryrs/accepted/, and .scryrs/rejected/ as deterministic JSON.
scryrs proposals accept <PATH> <ID> --reviewer <NAME> --rationale <TEXT> --decided-at <RFC3339>
Accept a validated proposal without mutating the proposal inbox artifact.
scryrs proposals reject <PATH> <ID> --reviewer <NAME> --rationale <TEXT> --decided-at <RFC3339>
Reject a validated proposal without mutating the proposal inbox artifact.
scryrs dashboard [--port <PORT>] [--bind <ADDR>] [--server-url <URL> --repository-id <ID>] [--no-open] [--dev]
Start dashboard server and open the browser dashboard.
scryrs server [--bind <ADDR>] [--port <PORT>] [--store <PATH>]
Start the central trace ingest server with live hotspot query
and signal streaming endpoints.

RECORD MODES
Local mode (default): persisted to .scryrs/scryrs.db, no network calls.
Remote mode: activated when a non-empty ingest URL is configured.
Configure via scryrs.json `remote` section, overridden by:
SCRYRS_REMOTE_INGEST_URL, SCRYRS_REPOSITORY_ID,
SCRYRS_WORKSPACE_ID, SCRYRS_AGENT_ID, SCRYRS_REMOTE_TIMEOUT_MS.
Remote mode skips SQLite entirely (no dual-write, no local fallback).
Default timeout: 3000 ms.

RECORD OUTPUT
Local mode — single-line JSON summary on stdout:
{
"command": "record",
"schemaVersion": "0.1.0",
"accepted": <count>,
"rejected": <count>
}
Remote mode — single-line JSON summary on stdout:
{
"command": "record",
"schemaVersion": "0.1.0",
"transport": "remote",
"accepted": <count>,
"duplicate": <count>,
"rejected": <count>,
"failed": <count>
}
Rejection diagnostics are written as JSON objects to stderr,
one per rejected non-empty line (local) or per server-rejected item (remote).

HOTSPOTS OUTPUT
A single-line JSON envelope on stdout:
{
"schemaVersion": "1.0.0",
"command": "hotspots",
"repositoryPath": "<absolute path>",
"storePath": "<absolute path to .scryrs/scryrs.db>",
"runMetadata": {
"storeSchemaVersion": <integer>,
"analyzedEventCount": <count>,
"analyzedSubjectCount": <count>,
"firstEventId": <id>,
"lastEventId": <id>
},
"generatedAt": "<ISO 8601 timestamp>",
"entries": [...]
}
Each entry carries rank, subjectKind, subject, score,
per-event-type counts, per-outcome counts, sessionCount,
firstSeen/lastSeen timestamps, and evidence rowIds.
Empty stores produce entries: [].
On success, the report is also written to .scryrs/hotspots.json.
EXAMPLES
scryrs hotspots /path/to/repo
scryrs hotspots .
scryrs record --stdin < events.jsonl
scryrs record --file session.jsonl
scryrs hook claude-code < pre-tool-use.json
scryrs hook pi --file event.json
scryrs init --agent claude-code
scryrs init --agent pi
scryrs init --agent claude-code --mode live --ingest-url http://scryrs-server:8081 --workspace-id my-workspace --agent-id agent-1
scryrs dashboard
scryrs dashboard --port 9090 --no-open
scryrs server
scryrs server --port 9091
scryrs graph .
  scryrs route .
  scryrs route explain . --query "authentication"

OPTIONS
-h, --help       Print this help message and exit
-V, --version    Print version and exit
-hj, --help-json Print machine-readable CLI surface description and exit

EXIT CODES
0    Success (hotspots: JSON written; record local: all events accepted; record remote: no rejections or failures; init: hook installed; propose/proposals: artifacts written or listed successfully; dashboard: server shut down cleanly; server: server shut down cleanly; hook: always — fail-open, never blocks the harness)
1    Hotspots: storage error. Record: rejected events or I/O error (local or server rejections). Init: I/O error. Proposals: serialization or filesystem write failure. Dashboard: port in use or artifact read error. Server: port in use or store error.
2    Usage error; hotspots: missing/unsupported store; record: also fatal I/O error (unreadable file, store failure, missing remote identity, transport timeout, connection failure, non-2xx response, malformed response); init: unsupported harness, collision, self-install refusal, invalid mode, or missing/invalid live-mode configuration; proposals: invalid filter, invalid proposal/review document, unknown proposal ID, or conflicting terminal review state; route explain: missing PATH, missing --query, missing/malformed/schema-mismatched routes.json; dashboard: invalid flags, bind failure, or partial live-mode configuration; server: invalid flags or bind failure
